------------------------------------------------------------
TimeQuest Timing Analyzer Summary
------------------------------------------------------------

Type  : Slow 1200mV 85C Model Setup 'presente.alarma'
Slack : -2.519
TNS   : -2.519

Type  : Slow 1200mV 85C Model Setup 'clk'
Slack : -2.014
TNS   : -51.404

Type  : Slow 1200mV 85C Model Hold 'clk'
Slack : 0.032
TNS   : 0.000

Type  : Slow 1200mV 85C Model Hold 'presente.alarma'
Slack : 2.302
TNS   : 0.000

Type  : Slow 1200mV 85C Model Minimum Pulse Width 'clk'
Slack : -3.000
TNS   : -56.000

Type  : Slow 1200mV 85C Model Minimum Pulse Width 'presente.alarma'
Slack : 0.417
TNS   : 0.000

Type  : Slow 1200mV 0C Model Setup 'presente.alarma'
Slack : -2.197
TNS   : -2.197

Type  : Slow 1200mV 0C Model Setup 'clk'
Slack : -1.747
TNS   : -40.633

Type  : Slow 1200mV 0C Model Hold 'clk'
Slack : 0.020
TNS   : 0.000

Type  : Slow 1200mV 0C Model Hold 'presente.alarma'
Slack : 2.129
TNS   : 0.000

Type  : Slow 1200mV 0C Model Minimum Pulse Width 'clk'
Slack : -3.000
TNS   : -56.000

Type  : Slow 1200mV 0C Model Minimum Pulse Width 'presente.alarma'
Slack : 0.430
TNS   : 0.000

Type  : Fast 1200mV 0C Model Setup 'presente.alarma'
Slack : -1.027
TNS   : -1.027

Type  : Fast 1200mV 0C Model Setup 'clk'
Slack : -0.702
TNS   : -10.671

Type  : Fast 1200mV 0C Model Hold 'clk'
Slack : -0.026
TNS   : -0.026

Type  : Fast 1200mV 0C Model Hold 'presente.alarma'
Slack : 1.329
TNS   : 0.000

Type  : Fast 1200mV 0C Model Minimum Pulse Width 'clk'
Slack : -3.000
TNS   : -59.455

Type  : Fast 1200mV 0C Model Minimum Pulse Width 'presente.alarma'
Slack : 0.450
TNS   : 0.000

------------------------------------------------------------
